[33m[1m⚠ [22m[39m Authenticating with `--token` is deprecated and will be removed in a future major version of `firebase-tools`. Instead, use a service account key with `GOOGLE_APPLICATION_CREDENTIALS`: https://cloud.google.com/docs/authentication/getting-started

[1m[37m===[39m Deploying to 'newmaritime-implementator'...[22m

[36m[1mi [22m[39m deploying [1mfunctions[22m
[36m[1mi  functions:[22m[39m preparing codebase [1mdefault[22m for deployment
[36m[1mi  functions:[22m[39m ensuring required API [1mcloudfunctions.googleapis.com[22m is enabled...
[36m[1mi  functions:[22m[39m ensuring required API [1mcloudbuild.googleapis.com[22m is enabled...
[36m[1mi  artifactregistry:[22m[39m ensuring required API [1martifactregistry.googleapis.com[22m is enabled...
[32m[1m✔  functions:[22m[39m required API [1mcloudbuild.googleapis.com[22m is enabled
[32m[1m✔  artifactregistry:[22m[39m required API [1martifactregistry.googleapis.com[22m is enabled
[33m[1m⚠  functions:[22m[39m Runtime Node.js 20 was deprecated on 2026-04-30 and will be decommissioned on 2026-10-30, after which you will not be able to deploy without upgrading. Consider upgrading now to avoid disruption. See https://cloud.google.com/functions/docs/runtime-support for full details on the lifecycle policy
[33m[1m⚠ [22m[39m [1m[33mfunctions: [39m[22mpackage.json indicates an outdated version of firebase-functions. Please upgrade using [1mnpm install --save firebase-functions@latest[22m in your functions directory.
[33m[1m⚠ [22m[39m [1m[33mfunctions: [39m[22mPlease note that there will be breaking changes when you upgrade.
[36m[1mi  functions:[22m[39m Loading and analyzing source code for codebase default to determine what to deploy
Serving at port 8488

[36m[1mi  extensions:[22m[39m ensuring required API [1mfirebaseextensions.googleapis.com[22m is enabled...
[32m[1m✔  extensions:[22m[39m required API [1mfirebaseextensions.googleapis.com[22m is enabled
[33m[1m⚠ [22m[39m Authenticating with `--token` is deprecated and will be removed in a future major version of `firebase-tools`. Instead, use a service account key with `GOOGLE_APPLICATION_CREDENTIALS`: https://cloud.google.com/docs/authentication/getting-started
[36m[1mi  functions:[22m[39m preparing [1mfunctions[22m directory for uploading...
[36m[1mi [22m[39m [36m[1mfunctions:[22m[39m packaged [1m/home/runner/work/newmaritime-implementator/newmaritime-implementator/functions[22m (37.65 KB) for uploading
[36m[1mi  functions:[22m[39m ensuring required API [1mrun.googleapis.com[22m is enabled...
[36m[1mi  functions:[22m[39m ensuring required API [1meventarc.googleapis.com[22m is enabled...
[36m[1mi  functions:[22m[39m ensuring required API [1mpubsub.googleapis.com[22m is enabled...
[36m[1mi  functions:[22m[39m ensuring required API [1mstorage.googleapis.com[22m is enabled...
[32m[1m✔  functions:[22m[39m required API [1mrun.googleapis.com[22m is enabled
[32m[1m✔  functions:[22m[39m required API [1mpubsub.googleapis.com[22m is enabled
[32m[1m✔  functions:[22m[39m required API [1meventarc.googleapis.com[22m is enabled
[32m[1m✔  functions:[22m[39m required API [1mstorage.googleapis.com[22m is enabled
[36m[1mi  functions:[22m[39m generating the service identity for [1mpubsub.googleapis.com[22m...
[36m[1mi  functions:[22m[39m generating the service identity for [1meventarc.googleapis.com[22m...
[36m[1mi  functions:[22m[39m ensuring required API [1msecretmanager.googleapis.com[22m is enabled...
[32m[1m✔  functions:[22m[39m required API [1msecretmanager.googleapis.com[22m is enabled
[36m[1mi  functions:[22m[39m ensuring [1m380592102778-compute@developer.gserviceaccount.com[22m access to secret [1mRESEND_API_KEY[22m.
[32m[1m✔  secretmanager:[22m[39m Granted roles/secretmanager.secretAccessor on projects/newmaritime-implementator/secrets/RESEND_API_KEY to 380592102778-compute@developer.gserviceaccount.com
[32m[1m✔  functions:[22m[39m ensured [1m380592102778-compute@developer.gserviceaccount.com[22m access to [1mRESEND_API_KEY[22m.
[32m[1m✔  functions:[22m[39m [1mfunctions[22m source uploaded successfully
[36m[1mi  functions:[22m[39m updating Node.js 20 (2nd Gen) function [1msendAccessInvite(us-central1)[22m...
[36m[1mi  functions:[22m[39m updating Node.js 20 (2nd Gen) function [1msendPasswordReset(us-central1)[22m...
[33m[1m⚠  functions:[22m[39m Request to https://cloudfunctions.googleapis.com/v2/projects/newmaritime-implementator/locations/us-central1/functions/sendAccessInvite?updateMask=name%2CbuildConfig.runtime%2CbuildConfig.entryPoint%2CbuildConfig.source.storageSource.bucket%2CbuildConfig.source.storageSource.object%2CbuildConfig.environmentVariables%2CbuildConfig.sourceToken%2CserviceConfig.environmentVariables%2CserviceConfig.secretEnvironmentVariables%2CserviceConfig.ingressSettings%2CserviceConfig.timeoutSeconds%2CserviceConfig.serviceAccountEmail%2CserviceConfig.availableMemory%2CserviceConfig.minInstanceCount%2CserviceConfig.maxInstanceCount%2CserviceConfig.maxInstanceRequestConcurrency%2CserviceConfig.availableCpu%2CserviceConfig.vpcConnector%2CserviceConfig.vpcConnectorEgressSettings%2CserviceConfig.directVpcNetworkInterface%2CserviceConfig.directVpcEgress%2Clabels had HTTP Error: 409, unable to queue the operation
[33m[1m⚠  functions:[22m[39m  failed to update function projects/newmaritime-implementator/locations/us-central1/functions/sendAccessInvite
[33m[1m⚠ [22m[39m Authenticating with `--token` is deprecated and will be removed in a future major version of `firebase-tools`. Instead, use a service account key with `GOOGLE_APPLICATION_CREDENTIALS`: https://cloud.google.com/docs/authentication/getting-started
┌───────────────────┬─────────┬─────────┬─────────────┬────────┬──────────┐
│ Function          │ Version │ Trigger │ Location    │ Memory │ Runtime  │
├───────────────────┼─────────┼─────────┼─────────────┼────────┼──────────┤
│ sendAccessInvite  │ v2      │ https   │ us-central1 │ ---    │ nodejs20 │
├───────────────────┼─────────┼─────────┼─────────────┼────────┼──────────┤
│ sendPasswordReset │ v2      │ https   │ us-central1 │ ---    │ nodejs20 │
└───────────────────┴─────────┴─────────┴─────────────┴────────┴──────────┘
